Windows PowerShell
Copyright (C) 2016 Microsoft Corporation. All rights reserved.

PS E:\_ALevel_FullStackJS\ALevel_FullStackJ\CW\Lection_08_CW_Bootstrap\markup> npm --version
6.14.4
PS E:\_ALevel_FullStackJS\ALevel_FullStackJ\CW\Lection_08_CW_Bootstrap\markup> npm rm gulp -g
up to date in 0.51s
PS E:\_ALevel_FullStackJS\ALevel_FullStackJ\CW\Lection_08_CW_Bootstrap\markup> npm i sass

> node-sass@4.12.0 install E:\_ALevel_FullStackJS\ALevel_FullStackJ\CW\Lection_08_CW_Bootstrap\markup\node_modules\node-sass
> node scripts/install.js

Downloading binary from https://github.com/sass/node-sass/releases/download/v4.12.0/win32-x64-79_binding.node
Cannot download "https://github.com/sass/node-sass/releases/download/v4.12.0/win32-x64-79_binding.node":

HTTP error 404 Not Found

Hint: If github.com is not accessible in your location
      try setting a proxy via HTTP_PROXY, e.g.

      export HTTP_PROXY=http://example.com:1234

or configure npm proxy via

      npm config set proxy http://example.com:8080

> node-sass@4.12.0 postinstall E:\_ALevel_FullStackJS\ALevel_FullStackJ\CW\Lection_08_CW_Bootstrap\markup\node_modules\node-sass
> node scripts/build.js

Building: C:\Program Files\nodejs\node.exe E:\_ALevel_FullStackJS\ALevel_FullStackJ\CW\Lection_08_CW_Bootstrap\markup\node_modules\node-gyp\bin\node-gyp.js rebuild --verbose --libsass_ext= --libsass_cflags= --libsass_ldflags= --libsass_library=
gyp info it worked if it ends with ok
gyp verb cli [
gyp verb cli   'C:\\Program Files\\nodejs\\node.exe',
gyp verb cli   'E:\\_ALevel_FullStackJS\\ALevel_FullStackJ\\CW\\Lection_08_CW_Bootstrap\\markup\\node_modules\\node-gyp\\bin\\node-gyp.js',
gyp verb cli   'rebuild',
gyp verb cli   '--verbose',
gyp verb cli   '--libsass_ext=',
gyp verb cli   '--libsass_cflags=',
gyp verb cli   '--libsass_ldflags=',
gyp verb cli   '--libsass_library='
gyp verb cli ]
gyp info using node-gyp@3.8.0
gyp info using node@13.14.0 | win32 | x64
gyp verb command rebuild []
gyp verb command clean []
gyp verb clean removing "build" directory
gyp verb command configure []
gyp verb check python checking for Python executable "python2" in the PATH
gyp verb `which` failed Error: not found: python2
gyp verb `which` failed     at getNotFoundError (E:\_ALevel_FullStackJS\ALevel_FullStackJ\CW\Lection_08_CW_Bootstrap\markup\node_modules\which\which.js:13:12)
gyp verb `which` failed     at F (E:\_ALevel_FullStackJS\ALevel_FullStackJ\CW\Lection_08_CW_Bootstrap\markup\node_modules\which\which.js:68:19)
gyp verb `which` failed     at E (E:\_ALevel_FullStackJS\ALevel_FullStackJ\CW\Lection_08_CW_Bootstrap\markup\node_modules\which\which.js:80:29)
gyp verb `which` failed     at E:\_ALevel_FullStackJS\ALevel_FullStackJ\CW\Lection_08_CW_Bootstrap\markup\node_modules\which\which.js:89:16
gyp verb `which` failed     at E:\_ALevel_FullStackJS\ALevel_FullStackJ\CW\Lection_08_CW_Bootstrap\markup\node_modules\isexe\index.js:42:5
gyp verb `which` failed     at E:\_ALevel_FullStackJS\ALevel_FullStackJ\CW\Lection_08_CW_Bootstrap\markup\node_modules\isexe\windows.js:36:5
gyp verb `which` failed     at FSReqCallback.oncomplete (fs.js:171:21)
gyp verb `which` failed  python2 Error: not found: python2
gyp verb `which` failed     at getNotFoundError (E:\_ALevel_FullStackJS\ALevel_FullStackJ\CW\Lection_08_CW_Bootstrap\markup\node_modules\which\which.js:13:12)
gyp verb `which` failed     at F (E:\_ALevel_FullStackJS\ALevel_FullStackJ\CW\Lection_08_CW_Bootstrap\markup\node_modules\which\which.js:68:19)
gyp verb `which` failed     at E (E:\_ALevel_FullStackJS\ALevel_FullStackJ\CW\Lection_08_CW_Bootstrap\markup\node_modules\which\which.js:80:29)
gyp verb `which` failed     at E:\_ALevel_FullStackJS\ALevel_FullStackJ\CW\Lection_08_CW_Bootstrap\markup\node_modules\which\which.js:89:16
gyp verb `which` failed     at E:\_ALevel_FullStackJS\ALevel_FullStackJ\CW\Lection_08_CW_Bootstrap\markup\node_modules\isexe\index.js:42:5
gyp verb `which` failed     at E:\_ALevel_FullStackJS\ALevel_FullStackJ\CW\Lection_08_CW_Bootstrap\markup\node_modules\isexe\windows.js:36:5
gyp verb `which` failed     at FSReqCallback.oncomplete (fs.js:171:21) {
gyp verb `which` failed   code: 'ENOENT'
gyp verb `which` failed }
gyp verb check python checking for Python executable "python" in the PATH
gyp verb `which` failed Error: not found: python
gyp verb `which` failed     at getNotFoundError (E:\_ALevel_FullStackJS\ALevel_FullStackJ\CW\Lection_08_CW_Bootstrap\markup\node_modules\which\which.js:13:12)
gyp verb `which` failed     at F (E:\_ALevel_FullStackJS\ALevel_FullStackJ\CW\Lection_08_CW_Bootstrap\markup\node_modules\which\which.js:68:19)
gyp verb `which` failed     at E (E:\_ALevel_FullStackJS\ALevel_FullStackJ\CW\Lection_08_CW_Bootstrap\markup\node_modules\which\which.js:80:29)
gyp verb `which` failed     at E:\_ALevel_FullStackJS\ALevel_FullStackJ\CW\Lection_08_CW_Bootstrap\markup\node_modules\which\which.js:89:16
gyp verb `which` failed     at E:\_ALevel_FullStackJS\ALevel_FullStackJ\CW\Lection_08_CW_Bootstrap\markup\node_modules\isexe\index.js:42:5
gyp verb `which` failed     at E:\_ALevel_FullStackJS\ALevel_FullStackJ\CW\Lection_08_CW_Bootstrap\markup\node_modules\isexe\windows.js:36:5
gyp verb `which` failed     at FSReqCallback.oncomplete (fs.js:171:21)
gyp verb `which` failed  python Error: not found: python
gyp verb `which` failed     at getNotFoundError (E:\_ALevel_FullStackJS\ALevel_FullStackJ\CW\Lection_08_CW_Bootstrap\markup\node_modules\which\which.js:13:12)
gyp verb `which` failed     at F (E:\_ALevel_FullStackJS\ALevel_FullStackJ\CW\Lection_08_CW_Bootstrap\markup\node_modules\which\which.js:68:19)
gyp verb `which` failed     at E (E:\_ALevel_FullStackJS\ALevel_FullStackJ\CW\Lection_08_CW_Bootstrap\markup\node_modules\which\which.js:80:29)
gyp verb `which` failed     at E:\_ALevel_FullStackJS\ALevel_FullStackJ\CW\Lection_08_CW_Bootstrap\markup\node_modules\which\which.js:89:16
gyp verb `which` failed     at E:\_ALevel_FullStackJS\ALevel_FullStackJ\CW\Lection_08_CW_Bootstrap\markup\node_modules\isexe\index.js:42:5
gyp verb `which` failed     at E:\_ALevel_FullStackJS\ALevel_FullStackJ\CW\Lection_08_CW_Bootstrap\markup\node_modules\isexe\windows.js:36:5
gyp verb `which` failed     at FSReqCallback.oncomplete (fs.js:171:21) {
gyp verb `which` failed   code: 'ENOENT'
gyp verb `which` failed }
gyp verb could not find "python". checking python launcher
gyp verb could not find "python". guessing location
gyp verb ensuring that file exists: C:\Python27\python.exe
gyp ERR! configure error
gyp ERR! stack Error: Can't find Python executable "python", you can set the PYTHON env variable.
gyp ERR! stack     at PythonFinder.failNoPython (E:\_ALevel_FullStackJS\ALevel_FullStackJ\CW\Lection_08_CW_Bootstrap\markup\node_modules\node-gyp\lib\configure.js:484:19)
gyp ERR! stack     at PythonFinder.<anonymous> (E:\_ALevel_FullStackJS\ALevel_FullStackJ\CW\Lection_08_CW_Bootstrap\markup\node_modules\node-gyp\lib\configure.js:509:16)
gyp ERR! stack     at callback (E:\_ALevel_FullStackJS\ALevel_FullStackJ\CW\Lection_08_CW_Bootstrap\markup\node_modules\graceful-fs\polyfills.js:295:20)
gyp ERR! stack     at FSReqCallback.oncomplete (fs.js:171:21)
gyp ERR! System Windows_NT 6.1.7601
gyp ERR! command "C:\\Program Files\\nodejs\\node.exe" "E:\\_ALevel_FullStackJS\\ALevel_FullStackJ\\CW\\Lection_08_CW_Bootstrap\\markup\\node_modules\\node-gyp\\bin\\node-gyp.js" "rebuild" "--verbose" "--libsass_ext="
"--libsass_cflags=" "--libsass_ldflags=" "--libsass_library="
gyp ERR! cwd E:\_ALevel_FullStackJS\ALevel_FullStackJ\CW\Lection_08_CW_Bootstrap\markup\node_modules\node-sass
gyp ERR! node -v v13.14.0
gyp ERR! node-gyp -v v3.8.0
gyp ERR! not ok
Build failed with error code: 1
npm WARN optional SKIPPING OPTIONAL DEPENDENCY: fsevents@~2.3.2 (node_modules\sass\node_modules\chokidar\node_modules\fsevents):
npm WARN notsup SKIPPING OPTIONAL DEPENDENCY: Unsupported platform for fsevents@2.3.2: wanted {"os":"darwin","arch":"any"} (current: {"os":"win32","arch":"x64"})
npm WARN P2H_GULP_BUILD_BOOTSTRAP_v4.2.1@1.0.0 No description
npm WARN P2H_GULP_BUILD_BOOTSTRAP_v4.2.1@1.0.0 No repository field.
npm WARN P2H_GULP_BUILD_BOOTSTRAP_v4.2.1@1.0.0 No license field.
npm WARN optional SKIPPING OPTIONAL DEPENDENCY: fsevents@1.2.9 (node_modules\fsevents):
npm WARN notsup SKIPPING OPTIONAL DEPENDENCY: Unsupported platform for fsevents@1.2.9: wanted {"os":"darwin","arch":"any"} (current: {"os":"win32","arch":"x64"})

npm ERR! code ELIFECYCLE
npm ERR! errno 1
npm ERR! node-sass@4.12.0 postinstall: `node scripts/build.js`
npm ERR! Exit status 1
npm ERR!
npm ERR! Failed at the node-sass@4.12.0 postinstall script.
npm ERR! This is probably not a problem with npm. There is likely additional logging output above.

npm ERR! A complete log of this run can be found in:
npm ERR!     C:\Users\Семья\AppData\Roaming\npm-cache\_logs\2021-11-10T19_35_56_769Z-debug.log
PS E:\_ALevel_FullStackJS\ALevel_FullStackJ\CW\Lection_08_CW_Bootstrap\markup> npm i sass-cli

> node-sass@4.12.0 install E:\_ALevel_FullStackJS\ALevel_FullStackJ\CW\Lection_08_CW_Bootstrap\markup\node_modules\node-sass
> node scripts/install.js

Downloading binary from https://github.com/sass/node-sass/releases/download/v4.12.0/win32-x64-79_binding.node
Cannot download "https://github.com/sass/node-sass/releases/download/v4.12.0/win32-x64-79_binding.node":

HTTP error 404 Not Found

Hint: If github.com is not accessible in your location
      try setting a proxy via HTTP_PROXY, e.g.

      export HTTP_PROXY=http://example.com:1234

or configure npm proxy via

      npm config set proxy http://example.com:8080

> node-sass@4.12.0 postinstall E:\_ALevel_FullStackJS\ALevel_FullStackJ\CW\Lection_08_CW_Bootstrap\markup\node_modules\node-sass
> node scripts/build.js

Building: C:\Program Files\nodejs\node.exe E:\_ALevel_FullStackJS\ALevel_FullStackJ\CW\Lection_08_CW_Bootstrap\markup\node_modules\node-gyp\bin\node-gyp.js rebuild --verbose --libsass_ext= --libsass_cflags= --libsass_ldflags= --libsass_library=
gyp info it worked if it ends with ok
gyp verb cli [
gyp verb cli   'C:\\Program Files\\nodejs\\node.exe',
gyp verb cli   'E:\\_ALevel_FullStackJS\\ALevel_FullStackJ\\CW\\Lection_08_CW_Bootstrap\\markup\\node_modules\\node-gyp\\bin\\node-gyp.js',
gyp verb cli   'rebuild',
gyp verb cli   '--verbose',
gyp verb cli   '--libsass_ext=',
gyp verb cli   '--libsass_cflags=',
gyp verb cli   '--libsass_ldflags=',
gyp verb cli   '--libsass_library='
gyp verb cli ]
gyp info using node-gyp@3.8.0
gyp info using node@13.14.0 | win32 | x64
gyp verb command rebuild []
gyp verb command clean []
gyp verb clean removing "build" directory
gyp verb command configure []
gyp verb check python checking for Python executable "python2" in the PATH
gyp verb `which` failed Error: not found: python2
gyp verb `which` failed     at getNotFoundError (E:\_ALevel_FullStackJS\ALevel_FullStackJ\CW\Lection_08_CW_Bootstrap\markup\node_modules\which\which.js:13:12)
gyp verb `which` failed     at F (E:\_ALevel_FullStackJS\ALevel_FullStackJ\CW\Lection_08_CW_Bootstrap\markup\node_modules\which\which.js:68:19)
gyp verb `which` failed     at E (E:\_ALevel_FullStackJS\ALevel_FullStackJ\CW\Lection_08_CW_Bootstrap\markup\node_modules\which\which.js:80:29)
gyp verb `which` failed     at E:\_ALevel_FullStackJS\ALevel_FullStackJ\CW\Lection_08_CW_Bootstrap\markup\node_modules\which\which.js:89:16
gyp verb `which` failed     at E:\_ALevel_FullStackJS\ALevel_FullStackJ\CW\Lection_08_CW_Bootstrap\markup\node_modules\isexe\index.js:42:5
gyp verb `which` failed     at E:\_ALevel_FullStackJS\ALevel_FullStackJ\CW\Lection_08_CW_Bootstrap\markup\node_modules\isexe\windows.js:36:5
gyp verb `which` failed     at FSReqCallback.oncomplete (fs.js:171:21)
gyp verb `which` failed  python2 Error: not found: python2
gyp verb `which` failed     at getNotFoundError (E:\_ALevel_FullStackJS\ALevel_FullStackJ\CW\Lection_08_CW_Bootstrap\markup\node_modules\which\which.js:13:12)
gyp verb `which` failed     at F (E:\_ALevel_FullStackJS\ALevel_FullStackJ\CW\Lection_08_CW_Bootstrap\markup\node_modules\which\which.js:68:19)
gyp verb `which` failed     at E (E:\_ALevel_FullStackJS\ALevel_FullStackJ\CW\Lection_08_CW_Bootstrap\markup\node_modules\which\which.js:80:29)
gyp verb `which` failed     at E:\_ALevel_FullStackJS\ALevel_FullStackJ\CW\Lection_08_CW_Bootstrap\markup\node_modules\which\which.js:89:16
gyp verb `which` failed     at E:\_ALevel_FullStackJS\ALevel_FullStackJ\CW\Lection_08_CW_Bootstrap\markup\node_modules\isexe\index.js:42:5
gyp verb `which` failed     at E:\_ALevel_FullStackJS\ALevel_FullStackJ\CW\Lection_08_CW_Bootstrap\markup\node_modules\isexe\windows.js:36:5
gyp verb `which` failed     at FSReqCallback.oncomplete (fs.js:171:21) {
gyp verb `which` failed   code: 'ENOENT'
gyp verb `which` failed }
gyp verb check python checking for Python executable "python" in the PATH
gyp verb `which` failed Error: not found: python
gyp verb `which` failed     at getNotFoundError (E:\_ALevel_FullStackJS\ALevel_FullStackJ\CW\Lection_08_CW_Bootstrap\markup\node_modules\which\which.js:13:12)
gyp verb `which` failed     at F (E:\_ALevel_FullStackJS\ALevel_FullStackJ\CW\Lection_08_CW_Bootstrap\markup\node_modules\which\which.js:68:19)
gyp verb `which` failed     at E (E:\_ALevel_FullStackJS\ALevel_FullStackJ\CW\Lection_08_CW_Bootstrap\markup\node_modules\which\which.js:80:29)
gyp verb `which` failed     at E:\_ALevel_FullStackJS\ALevel_FullStackJ\CW\Lection_08_CW_Bootstrap\markup\node_modules\which\which.js:89:16
gyp verb `which` failed     at E:\_ALevel_FullStackJS\ALevel_FullStackJ\CW\Lection_08_CW_Bootstrap\markup\node_modules\isexe\index.js:42:5
gyp verb `which` failed     at E:\_ALevel_FullStackJS\ALevel_FullStackJ\CW\Lection_08_CW_Bootstrap\markup\node_modules\isexe\windows.js:36:5
gyp verb `which` failed     at FSReqCallback.oncomplete (fs.js:171:21)
gyp verb `which` failed  python Error: not found: python
gyp verb `which` failed     at getNotFoundError (E:\_ALevel_FullStackJS\ALevel_FullStackJ\CW\Lection_08_CW_Bootstrap\markup\node_modules\which\which.js:13:12)
gyp verb `which` failed     at F (E:\_ALevel_FullStackJS\ALevel_FullStackJ\CW\Lection_08_CW_Bootstrap\markup\node_modules\which\which.js:68:19)
gyp verb `which` failed     at E (E:\_ALevel_FullStackJS\ALevel_FullStackJ\CW\Lection_08_CW_Bootstrap\markup\node_modules\which\which.js:80:29)
gyp verb `which` failed     at E:\_ALevel_FullStackJS\ALevel_FullStackJ\CW\Lection_08_CW_Bootstrap\markup\node_modules\which\which.js:89:16
gyp verb `which` failed     at E:\_ALevel_FullStackJS\ALevel_FullStackJ\CW\Lection_08_CW_Bootstrap\markup\node_modules\isexe\index.js:42:5
gyp verb `which` failed     at E:\_ALevel_FullStackJS\ALevel_FullStackJ\CW\Lection_08_CW_Bootstrap\markup\node_modules\isexe\windows.js:36:5
gyp verb `which` failed     at FSReqCallback.oncomplete (fs.js:171:21) {
gyp verb `which` failed   code: 'ENOENT'
gyp verb `which` failed }
gyp verb could not find "python". checking python launcher
gyp verb could not find "python". guessing location
gyp verb ensuring that file exists: C:\Python27\python.exe
gyp ERR! configure error
gyp ERR! stack Error: Can't find Python executable "python", you can set the PYTHON env variable.
gyp ERR! stack     at PythonFinder.failNoPython (E:\_ALevel_FullStackJS\ALevel_FullStackJ\CW\Lection_08_CW_Bootstrap\markup\node_modules\node-gyp\lib\configure.js:484:19)
gyp ERR! stack     at PythonFinder.<anonymous> (E:\_ALevel_FullStackJS\ALevel_FullStackJ\CW\Lection_08_CW_Bootstrap\markup\node_modules\node-gyp\lib\configure.js:509:16)
gyp ERR! stack     at callback (E:\_ALevel_FullStackJS\ALevel_FullStackJ\CW\Lection_08_CW_Bootstrap\markup\node_modules\graceful-fs\polyfills.js:295:20)
gyp ERR! stack     at FSReqCallback.oncomplete (fs.js:171:21)
gyp ERR! System Windows_NT 6.1.7601
gyp ERR! command "C:\\Program Files\\nodejs\\node.exe" "E:\\_ALevel_FullStackJS\\ALevel_FullStackJ\\CW\\Lection_08_CW_Bootstrap\\markup\\node_modules\\node-gyp\\bin\\node-gyp.js" "rebuild" "--verbose" "--libsass_ext=" "--libsass_cflags=" "--libsass_ldflags=" "--libsass_library="
gyp ERR! cwd E:\_ALevel_FullStackJS\ALevel_FullStackJ\CW\Lection_08_CW_Bootstrap\markup\node_modules\node-sass
gyp ERR! node -v v13.14.0
gyp ERR! node-gyp -v v3.8.0
gyp ERR! not ok
Build failed with error code: 1
npm WARN P2H_GULP_BUILD_BOOTSTRAP_v4.2.1@1.0.0 No description
npm WARN P2H_GULP_BUILD_BOOTSTRAP_v4.2.1@1.0.0 No repository field.
npm WARN P2H_GULP_BUILD_BOOTSTRAP_v4.2.1@1.0.0 No license field.
npm WARN optional SKIPPING OPTIONAL DEPENDENCY: fsevents@1.2.9 (node_modules\fsevents):
npm WARN notsup SKIPPING OPTIONAL DEPENDENCY: Unsupported platform for fsevents@1.2.9: wanted {"os":"darwin","arch":"any"} (current: {"os":"win32","arch":"x64"})

npm ERR! code ELIFECYCLE
npm ERR! errno 1
npm ERR! node-sass@4.12.0 postinstall: `node scripts/build.js`
npm ERR! Exit status 1
npm ERR!
npm ERR! Failed at the node-sass@4.12.0 postinstall script.
npm ERR! This is probably not a problem with npm. There is likely additional logging output above.

npm ERR! A complete log of this run can be found in:
npm ERR!     C:\Users\Семья\AppData\Roaming\npm-cache\_logs\2021-11-10T19_36_59_086Z-debug.log
PS E:\_ALevel_FullStackJS\ALevel_FullStackJ\CW\Lection_08_CW_Bootstrap\markup> npm i

> node-sass@4.12.0 install E:\_ALevel_FullStackJS\ALevel_FullStackJ\CW\Lection_08_CW_Bootstrap\markup\node_modules\node-sass
> node scripts/install.js

Downloading binary from https://github.com/sass/node-sass/releases/download/v4.12.0/win32-x64-79_binding.node
Cannot download "https://github.com/sass/node-sass/releases/download/v4.12.0/win32-x64-79_binding.node":

HTTP error 404 Not Found

Hint: If github.com is not accessible in your location
      try setting a proxy via HTTP_PROXY, e.g.

      export HTTP_PROXY=http://example.com:1234

or configure npm proxy via

      npm config set proxy http://example.com:8080

> node-sass@4.12.0 postinstall E:\_ALevel_FullStackJS\ALevel_FullStackJ\CW\Lection_08_CW_Bootstrap\markup\node_modules\node-sass
> node scripts/build.js

Building: C:\Program Files\nodejs\node.exe E:\_ALevel_FullStackJS\ALevel_FullStackJ\CW\Lection_08_CW_Bootstrap\markup\node_modules\node-gyp\bin\node-gyp.js rebuild --verbose --libsass_ext= --libsass_cflags= --libsass_ldflags= --libsass_library=
gyp info it worked if it ends with ok
gyp verb cli [
gyp verb cli   'C:\\Program Files\\nodejs\\node.exe',
gyp verb cli   'E:\\_ALevel_FullStackJS\\ALevel_FullStackJ\\CW\\Lection_08_CW_Bootstrap\\markup\\node_modules\\node-gyp\\bin\\node-gyp.js',
gyp verb cli   'rebuild',
gyp verb cli   '--verbose',
gyp verb cli   '--libsass_ext=',
gyp verb cli   '--libsass_cflags=',
gyp verb cli   '--libsass_ldflags=',
gyp verb cli   '--libsass_library='
gyp verb cli ]
gyp info using node-gyp@3.8.0
gyp info using node@13.14.0 | win32 | x64
gyp verb command rebuild []
gyp verb command clean []
gyp verb clean removing "build" directory
gyp verb command configure []
gyp verb check python checking for Python executable "python2" in the PATH
gyp verb `which` failed Error: not found: python2
gyp verb `which` failed     at getNotFoundError (E:\_ALevel_FullStackJS\ALevel_FullStackJ\CW\Lection_08_CW_Bootstrap\markup\node_modules\which\which.js:13:12)
gyp verb `which` failed     at F (E:\_ALevel_FullStackJS\ALevel_FullStackJ\CW\Lection_08_CW_Bootstrap\markup\node_modules\which\which.js:68:19)
gyp verb `which` failed     at E (E:\_ALevel_FullStackJS\ALevel_FullStackJ\CW\Lection_08_CW_Bootstrap\markup\node_modules\which\which.js:80:29)
gyp verb `which` failed     at E:\_ALevel_FullStackJS\ALevel_FullStackJ\CW\Lection_08_CW_Bootstrap\markup\node_modules\which\which.js:89:16
gyp verb `which` failed     at E:\_ALevel_FullStackJS\ALevel_FullStackJ\CW\Lection_08_CW_Bootstrap\markup\node_modules\isexe\index.js:42:5
gyp verb `which` failed     at E:\_ALevel_FullStackJS\ALevel_FullStackJ\CW\Lection_08_CW_Bootstrap\markup\node_modules\isexe\windows.js:36:5
gyp verb `which` failed     at FSReqCallback.oncomplete (fs.js:171:21)
gyp verb `which` failed  python2 Error: not found: python2
gyp verb `which` failed     at getNotFoundError (E:\_ALevel_FullStackJS\ALevel_FullStackJ\CW\Lection_08_CW_Bootstrap\markup\node_modules\which\which.js:13:12)
gyp verb `which` failed     at F (E:\_ALevel_FullStackJS\ALevel_FullStackJ\CW\Lection_08_CW_Bootstrap\markup\node_modules\which\which.js:68:19)
gyp verb `which` failed     at E (E:\_ALevel_FullStackJS\ALevel_FullStackJ\CW\Lection_08_CW_Bootstrap\markup\node_modules\which\which.js:80:29)
gyp verb `which` failed     at E:\_ALevel_FullStackJS\ALevel_FullStackJ\CW\Lection_08_CW_Bootstrap\markup\node_modules\which\which.js:89:16
gyp verb `which` failed     at E:\_ALevel_FullStackJS\ALevel_FullStackJ\CW\Lection_08_CW_Bootstrap\markup\node_modules\isexe\index.js:42:5
gyp verb `which` failed     at E:\_ALevel_FullStackJS\ALevel_FullStackJ\CW\Lection_08_CW_Bootstrap\markup\node_modules\isexe\windows.js:36:5
gyp verb `which` failed     at FSReqCallback.oncomplete (fs.js:171:21) {
gyp verb `which` failed   code: 'ENOENT'
gyp verb `which` failed }
gyp verb check python checking for Python executable "python" in the PATH
gyp verb `which` failed Error: not found: python
gyp verb `which` failed     at getNotFoundError (E:\_ALevel_FullStackJS\ALevel_FullStackJ\CW\Lection_08_CW_Bootstrap\markup\node_modules\which\which.js:13:12)
gyp verb `which` failed     at F (E:\_ALevel_FullStackJS\ALevel_FullStackJ\CW\Lection_08_CW_Bootstrap\markup\node_modules\which\which.js:68:19)
gyp verb `which` failed     at E (E:\_ALevel_FullStackJS\ALevel_FullStackJ\CW\Lection_08_CW_Bootstrap\markup\node_modules\which\which.js:80:29)
gyp verb `which` failed     at E:\_ALevel_FullStackJS\ALevel_FullStackJ\CW\Lection_08_CW_Bootstrap\markup\node_modules\which\which.js:89:16
gyp verb `which` failed     at E:\_ALevel_FullStackJS\ALevel_FullStackJ\CW\Lection_08_CW_Bootstrap\markup\node_modules\isexe\index.js:42:5
gyp verb `which` failed     at E:\_ALevel_FullStackJS\ALevel_FullStackJ\CW\Lection_08_CW_Bootstrap\markup\node_modules\isexe\windows.js:36:5
gyp verb `which` failed     at FSReqCallback.oncomplete (fs.js:171:21)
gyp verb `which` failed  python Error: not found: python
gyp verb `which` failed     at getNotFoundError (E:\_ALevel_FullStackJS\ALevel_FullStackJ\CW\Lection_08_CW_Bootstrap\markup\node_modules\which\which.js:13:12)
gyp verb `which` failed     at F (E:\_ALevel_FullStackJS\ALevel_FullStackJ\CW\Lection_08_CW_Bootstrap\markup\node_modules\which\which.js:68:19)
gyp verb `which` failed     at E (E:\_ALevel_FullStackJS\ALevel_FullStackJ\CW\Lection_08_CW_Bootstrap\markup\node_modules\which\which.js:80:29)
gyp verb `which` failed     at E:\_ALevel_FullStackJS\ALevel_FullStackJ\CW\Lection_08_CW_Bootstrap\markup\node_modules\which\which.js:89:16
gyp verb `which` failed     at E:\_ALevel_FullStackJS\ALevel_FullStackJ\CW\Lection_08_CW_Bootstrap\markup\node_modules\isexe\index.js:42:5
gyp verb `which` failed     at E:\_ALevel_FullStackJS\ALevel_FullStackJ\CW\Lection_08_CW_Bootstrap\markup\node_modules\isexe\windows.js:36:5
gyp verb `which` failed     at FSReqCallback.oncomplete (fs.js:171:21) {
gyp verb `which` failed   code: 'ENOENT'
gyp verb `which` failed }
gyp verb could not find "python". checking python launcher
gyp verb could not find "python". guessing location
gyp verb ensuring that file exists: C:\Python27\python.exe
gyp ERR! configure error
gyp ERR! stack Error: Can't find Python executable "python", you can set the PYTHON env variable.
gyp ERR! stack     at PythonFinder.failNoPython (E:\_ALevel_FullStackJS\ALevel_FullStackJ\CW\Lection_08_CW_Bootstrap\markup\node_modules\node-gyp\lib\configure.js:484:19)
gyp ERR! stack     at PythonFinder.<anonymous> (E:\_ALevel_FullStackJS\ALevel_FullStackJ\CW\Lection_08_CW_Bootstrap\markup\node_modules\node-gyp\lib\configure.js:509:16)
gyp ERR! stack     at callback (E:\_ALevel_FullStackJS\ALevel_FullStackJ\CW\Lection_08_CW_Bootstrap\markup\node_modules\graceful-fs\polyfills.js:295:20)
gyp ERR! stack     at FSReqCallback.oncomplete (fs.js:171:21)
gyp ERR! System Windows_NT 6.1.7601
gyp ERR! command "C:\\Program Files\\nodejs\\node.exe" "E:\\_ALevel_FullStackJS\\ALevel_FullStackJ\\CW\\Lection_08_CW_Bootstrap\\markup\\node_modules\\node-gyp\\bin\\node-gyp.js" "rebuild" "--verbose" "--libsass_ext=" "--libsass_cflags=" "--libsass_ldflags=" "--libsass_library="
gyp ERR! cwd E:\_ALevel_FullStackJS\ALevel_FullStackJ\CW\Lection_08_CW_Bootstrap\markup\node_modules\node-sass
gyp ERR! node -v v13.14.0
gyp ERR! node-gyp -v v3.8.0
gyp ERR! not ok
Build failed with error code: 1
npm WARN P2H_GULP_BUILD_BOOTSTRAP_v4.2.1@1.0.0 No description
npm WARN P2H_GULP_BUILD_BOOTSTRAP_v4.2.1@1.0.0 No repository field.
npm WARN P2H_GULP_BUILD_BOOTSTRAP_v4.2.1@1.0.0 No license field.
npm WARN optional SKIPPING OPTIONAL DEPENDENCY: fsevents@1.2.9 (node_modules\fsevents):
npm WARN notsup SKIPPING OPTIONAL DEPENDENCY: Unsupported platform for fsevents@1.2.9: wanted {"os":"darwin","arch":"any"} (current: {"os":"win32","arch":"x64"})

npm ERR! code ELIFECYCLE
npm ERR! errno 1
npm ERR! node-sass@4.12.0 postinstall: `node scripts/build.js`
npm ERR! Exit status 1
npm ERR!
npm ERR! Failed at the node-sass@4.12.0 postinstall script.
npm ERR! This is probably not a problem with npm. There is likely additional logging output above.

npm ERR! A complete log of this run can be found in:
npm ERR!     C:\Users\Семья\AppData\Roaming\npm-cache\_logs\2021-11-10T19_38_12_242Z-debug.log
PS E:\_ALevel_FullStackJS\ALevel_FullStackJ\CW\Lection_08_CW_Bootstrap\markup> npm rm gulp -g
up to date in 0.108s
PS E:\_ALevel_FullStackJS\ALevel_FullStackJ\CW\Lection_08_CW_Bootstrap\markup> npm rm gulp-cli -g
removed 252 packages in 17.682s
PS E:\_ALevel_FullStackJS\ALevel_FullStackJ\CW\Lection_08_CW_Bootstrap\markup> npm i

> node-sass@4.12.0 install E:\_ALevel_FullStackJS\ALevel_FullStackJ\CW\Lection_08_CW_Bootstrap\markup\node_modules\node-sass
> node scripts/install.js

Downloading binary from https://github.com/sass/node-sass/releases/download/v4.12.0/win32-x64-79_binding.node
Cannot download "https://github.com/sass/node-sass/releases/download/v4.12.0/win32-x64-79_binding.node":

HTTP error 404 Not Found

Hint: If github.com is not accessible in your location
      try setting a proxy via HTTP_PROXY, e.g.

      export HTTP_PROXY=http://example.com:1234

or configure npm proxy via

      npm config set proxy http://example.com:8080

> node-sass@4.12.0 postinstall E:\_ALevel_FullStackJS\ALevel_FullStackJ\CW\Lection_08_CW_Bootstrap\markup\node_modules\node-sass
> node scripts/build.js

Building: C:\Program Files\nodejs\node.exe E:\_ALevel_FullStackJS\ALevel_FullStackJ\CW\Lection_08_CW_Bootstrap\markup\node_modules\node-gyp\bin\node-gyp.js rebuild --verbose --libsass_ext= --libsass_cflags= --libsass_ldflags= --libsass_library=
gyp info it worked if it ends with ok
gyp verb cli [
gyp verb cli   'C:\\Program Files\\nodejs\\node.exe',
gyp verb cli   'E:\\_ALevel_FullStackJS\\ALevel_FullStackJ\\CW\\Lection_08_CW_Bootstrap\\markup\\node_modules\\node-gyp\\bin\\node-gyp.js',
gyp verb cli   'rebuild',
gyp verb cli   '--verbose',
gyp verb cli   '--libsass_ext=',
gyp verb cli   '--libsass_cflags=',
gyp verb cli   '--libsass_ldflags=',
gyp verb cli   '--libsass_library='
gyp verb cli ]
gyp info using node-gyp@3.8.0
gyp info using node@13.14.0 | win32 | x64
gyp verb command rebuild []
gyp verb command clean []
gyp verb clean removing "build" directory
gyp verb command configure []
gyp verb check python checking for Python executable "python2" in the PATH
gyp verb `which` failed Error: not found: python2
gyp verb `which` failed     at getNotFoundError (E:\_ALevel_FullStackJS\ALevel_FullStackJ\CW\Lection_08_CW_Bootstrap\markup\node_modules\which\which.js:13:12)
gyp verb `which` failed     at F (E:\_ALevel_FullStackJS\ALevel_FullStackJ\CW\Lection_08_CW_Bootstrap\markup\node_modules\which\which.js:68:19)
gyp verb `which` failed     at E (E:\_ALevel_FullStackJS\ALevel_FullStackJ\CW\Lection_08_CW_Bootstrap\markup\node_modules\which\which.js:80:29)
gyp verb `which` failed     at E:\_ALevel_FullStackJS\ALevel_FullStackJ\CW\Lection_08_CW_Bootstrap\markup\node_modules\which\which.js:89:16
gyp verb `which` failed     at E:\_ALevel_FullStackJS\ALevel_FullStackJ\CW\Lection_08_CW_Bootstrap\markup\node_modules\isexe\index.js:42:5
gyp verb `which` failed     at E:\_ALevel_FullStackJS\ALevel_FullStackJ\CW\Lection_08_CW_Bootstrap\markup\node_modules\isexe\windows.js:36:5
gyp verb `which` failed     at FSReqCallback.oncomplete (fs.js:171:21)
gyp verb `which` failed  python2 Error: not found: python2
gyp verb `which` failed     at getNotFoundError (E:\_ALevel_FullStackJS\ALevel_FullStackJ\CW\Lection_08_CW_Bootstrap\markup\node_modules\which\which.js:13:12)
gyp verb `which` failed     at F (E:\_ALevel_FullStackJS\ALevel_FullStackJ\CW\Lection_08_CW_Bootstrap\markup\node_modules\which\which.js:68:19)
gyp verb `which` failed     at E (E:\_ALevel_FullStackJS\ALevel_FullStackJ\CW\Lection_08_CW_Bootstrap\markup\node_modules\which\which.js:80:29)
gyp verb `which` failed     at E:\_ALevel_FullStackJS\ALevel_FullStackJ\CW\Lection_08_CW_Bootstrap\markup\node_modules\which\which.js:89:16
gyp verb `which` failed     at E:\_ALevel_FullStackJS\ALevel_FullStackJ\CW\Lection_08_CW_Bootstrap\markup\node_modules\isexe\index.js:42:5
gyp verb `which` failed     at E:\_ALevel_FullStackJS\ALevel_FullStackJ\CW\Lection_08_CW_Bootstrap\markup\node_modules\isexe\windows.js:36:5
gyp verb `which` failed     at FSReqCallback.oncomplete (fs.js:171:21) {
gyp verb `which` failed   code: 'ENOENT'
gyp verb `which` failed }
gyp verb check python checking for Python executable "python" in the PATH
gyp verb `which` failed Error: not found: python
gyp verb `which` failed     at getNotFoundError (E:\_ALevel_FullStackJS\ALevel_FullStackJ\CW\Lection_08_CW_Bootstrap\markup\node_modules\which\which.js:13:12)
gyp verb `which` failed     at F (E:\_ALevel_FullStackJS\ALevel_FullStackJ\CW\Lection_08_CW_Bootstrap\markup\node_modules\which\which.js:68:19)
gyp verb `which` failed     at E (E:\_ALevel_FullStackJS\ALevel_FullStackJ\CW\Lection_08_CW_Bootstrap\markup\node_modules\which\which.js:80:29)
gyp verb `which` failed     at E:\_ALevel_FullStackJS\ALevel_FullStackJ\CW\Lection_08_CW_Bootstrap\markup\node_modules\which\which.js:89:16
gyp verb `which` failed     at E:\_ALevel_FullStackJS\ALevel_FullStackJ\CW\Lection_08_CW_Bootstrap\markup\node_modules\isexe\index.js:42:5
gyp verb `which` failed     at E:\_ALevel_FullStackJS\ALevel_FullStackJ\CW\Lection_08_CW_Bootstrap\markup\node_modules\isexe\windows.js:36:5
gyp verb `which` failed     at FSReqCallback.oncomplete (fs.js:171:21)
gyp verb `which` failed  python Error: not found: python
gyp verb `which` failed     at getNotFoundError (E:\_ALevel_FullStackJS\ALevel_FullStackJ\CW\Lection_08_CW_Bootstrap\markup\node_modules\which\which.js:13:12)
gyp verb `which` failed     at F (E:\_ALevel_FullStackJS\ALevel_FullStackJ\CW\Lection_08_CW_Bootstrap\markup\node_modules\which\which.js:68:19)
gyp verb `which` failed     at E (E:\_ALevel_FullStackJS\ALevel_FullStackJ\CW\Lection_08_CW_Bootstrap\markup\node_modules\which\which.js:80:29)
gyp verb `which` failed     at E:\_ALevel_FullStackJS\ALevel_FullStackJ\CW\Lection_08_CW_Bootstrap\markup\node_modules\which\which.js:89:16
gyp verb `which` failed     at E:\_ALevel_FullStackJS\ALevel_FullStackJ\CW\Lection_08_CW_Bootstrap\markup\node_modules\isexe\index.js:42:5
gyp verb `which` failed     at E:\_ALevel_FullStackJS\ALevel_FullStackJ\CW\Lection_08_CW_Bootstrap\markup\node_modules\isexe\windows.js:36:5
gyp verb `which` failed     at FSReqCallback.oncomplete (fs.js:171:21) {
gyp verb `which` failed   code: 'ENOENT'
gyp verb `which` failed }
gyp verb could not find "python". checking python launcher
gyp verb could not find "python". guessing location
gyp verb ensuring that file exists: C:\Python27\python.exe
gyp ERR! configure error
gyp ERR! stack Error: Can't find Python executable "python", you can set the PYTHON env variable.
gyp ERR! stack     at PythonFinder.failNoPython (E:\_ALevel_FullStackJS\ALevel_FullStackJ\CW\Lection_08_CW_Bootstrap\markup\node_modules\node-gyp\lib\configure.js:484:19)
gyp ERR! stack     at PythonFinder.<anonymous> (E:\_ALevel_FullStackJS\ALevel_FullStackJ\CW\Lection_08_CW_Bootstrap\markup\node_modules\node-gyp\lib\configure.js:509:16)
gyp ERR! stack     at callback (E:\_ALevel_FullStackJS\ALevel_FullStackJ\CW\Lection_08_CW_Bootstrap\markup\node_modules\graceful-fs\polyfills.js:295:20)
gyp ERR! stack     at FSReqCallback.oncomplete (fs.js:171:21)
gyp ERR! System Windows_NT 6.1.7601
gyp ERR! command "C:\\Program Files\\nodejs\\node.exe" "E:\\_ALevel_FullStackJS\\ALevel_FullStackJ\\CW\\Lection_08_CW_Bootstrap\\markup\\node_modules\\node-gyp\\bin\\node-gyp.js" "rebuild" "--verbose" "--libsass_ext=" "--libsass_cflags=" "--libsass_ldflags=" "--libsass_library="
gyp ERR! cwd E:\_ALevel_FullStackJS\ALevel_FullStackJ\CW\Lection_08_CW_Bootstrap\markup\node_modules\node-sass
gyp ERR! node -v v13.14.0
gyp ERR! node-gyp -v v3.8.0
gyp ERR! not ok
Build failed with error code: 1
npm WARN P2H_GULP_BUILD_BOOTSTRAP_v4.2.1@1.0.0 No description
npm WARN P2H_GULP_BUILD_BOOTSTRAP_v4.2.1@1.0.0 No repository field.
npm WARN P2H_GULP_BUILD_BOOTSTRAP_v4.2.1@1.0.0 No license field.
npm WARN optional SKIPPING OPTIONAL DEPENDENCY: fsevents@1.2.9 (node_modules\fsevents):
npm WARN notsup SKIPPING OPTIONAL DEPENDENCY: Unsupported platform for fsevents@1.2.9: wanted {"os":"darwin","arch":"any"} (current: {"os":"win32","arch":"x64"})

npm ERR! code ELIFECYCLE
npm ERR! errno 1
npm ERR! node-sass@4.12.0 postinstall: `node scripts/build.js`
npm ERR! Exit status 1
npm ERR!
npm ERR! Failed at the node-sass@4.12.0 postinstall script.
npm ERR! This is probably not a problem with npm. There is likely additional logging output above.

npm ERR! A complete log of this run can be found in:
npm ERR!     C:\Users\Семья\AppData\Roaming\npm-cache\_logs\2021-11-10T19_42_12_052Z-debug.log
PS E:\_ALevel_FullStackJS\ALevel_FullStackJ\CW\Lection_08_CW_Bootstrap\markup> npm rm gulp -g
up to date in 0.133s
PS E:\_ALevel_FullStackJS\ALevel_FullStackJ\CW\Lection_08_CW_Bootstrap\markup> npm rm gulp-cli -g
up to date in 0.116s
PS E:\_ALevel_FullStackJS\ALevel_FullStackJ\CW\Lection_08_CW_Bootstrap\markup> cd e:\_ALevel_FullStackJS\ALevel_FullStackJ\CW\Lection_08_CW_Bootstrap\markup\
PS E:\_ALevel_FullStackJS\ALevel_FullStackJ\CW\Lection_08_CW_Bootstrap\markup> npm rm gulp --save-dev

> node-sass@4.12.0 install E:\_ALevel_FullStackJS\ALevel_FullStackJ\CW\Lection_08_CW_Bootstrap\markup\node_modules\node-sass
> node scripts/install.js

Downloading binary from https://github.com/sass/node-sass/releases/download/v4.12.0/win32-x64-79_binding.node
Cannot download "https://github.com/sass/node-sass/releases/download/v4.12.0/win32-x64-79_binding.node":

HTTP error 404 Not Found

Hint: If github.com is not accessible in your location
      try setting a proxy via HTTP_PROXY, e.g.

      export HTTP_PROXY=http://example.com:1234

or configure npm proxy via

      npm config set proxy http://example.com:8080

> node-sass@4.12.0 postinstall E:\_ALevel_FullStackJS\ALevel_FullStackJ\CW\Lection_08_CW_Bootstrap\markup\node_modules\node-sass
> node scripts/build.js

Building: C:\Program Files\nodejs\node.exe E:\_ALevel_FullStackJS\ALevel_FullStackJ\CW\Lection_08_CW_Bootstrap\markup\node_modules\node-gyp\bin\node-gyp.js rebuild --verbose --libsass_ext= --libsass_cflags= --libsass_ldflags= --libsass_library=
gyp info it worked if it ends with ok
gyp verb cli [
gyp verb cli   'C:\\Program Files\\nodejs\\node.exe',
gyp verb cli   'E:\\_ALevel_FullStackJS\\ALevel_FullStackJ\\CW\\Lection_08_CW_Bootstrap\\markup\\node_modules\\node-gyp\\bin\\node-gyp.js',
gyp verb cli   'rebuild',
gyp verb cli   '--verbose',
gyp verb cli   '--libsass_ext=',
gyp verb cli   '--libsass_cflags=',
gyp verb cli   '--libsass_ldflags=',
gyp verb cli   '--libsass_library='
gyp verb cli ]
gyp info using node-gyp@3.8.0
gyp info using node@13.14.0 | win32 | x64
gyp verb command rebuild []
gyp verb command clean []
gyp verb clean removing "build" directory
gyp verb command configure []
gyp verb check python checking for Python executable "python2" in the PATH
gyp verb `which` failed Error: not found: python2
gyp verb `which` failed     at getNotFoundError (E:\_ALevel_FullStackJS\ALevel_FullStackJ\CW\Lection_08_CW_Bootstrap\markup\node_modules\which\which.js:13:12)
gyp verb `which` failed     at F (E:\_ALevel_FullStackJS\ALevel_FullStackJ\CW\Lection_08_CW_Bootstrap\markup\node_modules\which\which.js:68:19)
gyp verb `which` failed     at E (E:\_ALevel_FullStackJS\ALevel_FullStackJ\CW\Lection_08_CW_Bootstrap\markup\node_modules\which\which.js:80:29)
gyp verb `which` failed     at E:\_ALevel_FullStackJS\ALevel_FullStackJ\CW\Lection_08_CW_Bootstrap\markup\node_modules\which\which.js:89:16
gyp verb `which` failed     at E:\_ALevel_FullStackJS\ALevel_FullStackJ\CW\Lection_08_CW_Bootstrap\markup\node_modules\isexe\index.js:42:5
gyp verb `which` failed     at E:\_ALevel_FullStackJS\ALevel_FullStackJ\CW\Lection_08_CW_Bootstrap\markup\node_modules\isexe\windows.js:36:5
gyp verb `which` failed     at FSReqCallback.oncomplete (fs.js:171:21)
gyp verb `which` failed  python2 Error: not found: python2
gyp verb `which` failed     at getNotFoundError (E:\_ALevel_FullStackJS\ALevel_FullStackJ\CW\Lection_08_CW_Bootstrap\markup\node_modules\which\which.js:13:12)
gyp verb `which` failed     at F (E:\_ALevel_FullStackJS\ALevel_FullStackJ\CW\Lection_08_CW_Bootstrap\markup\node_modules\which\which.js:68:19)
gyp verb `which` failed     at E (E:\_ALevel_FullStackJS\ALevel_FullStackJ\CW\Lection_08_CW_Bootstrap\markup\node_modules\which\which.js:80:29)
gyp verb `which` failed     at E:\_ALevel_FullStackJS\ALevel_FullStackJ\CW\Lection_08_CW_Bootstrap\markup\node_modules\which\which.js:89:16
gyp verb `which` failed     at E:\_ALevel_FullStackJS\ALevel_FullStackJ\CW\Lection_08_CW_Bootstrap\markup\node_modules\isexe\index.js:42:5
gyp verb `which` failed     at E:\_ALevel_FullStackJS\ALevel_FullStackJ\CW\Lection_08_CW_Bootstrap\markup\node_modules\isexe\windows.js:36:5
gyp verb `which` failed     at FSReqCallback.oncomplete (fs.js:171:21) {
gyp verb `which` failed   code: 'ENOENT'
gyp verb `which` failed }
gyp verb check python checking for Python executable "python" in the PATH
gyp verb `which` failed Error: not found: python
gyp verb `which` failed     at getNotFoundError (E:\_ALevel_FullStackJS\ALevel_FullStackJ\CW\Lection_08_CW_Bootstrap\markup\node_modules\which\which.js:13:12)
gyp verb `which` failed     at F (E:\_ALevel_FullStackJS\ALevel_FullStackJ\CW\Lection_08_CW_Bootstrap\markup\node_modules\which\which.js:68:19)
gyp verb `which` failed     at E (E:\_ALevel_FullStackJS\ALevel_FullStackJ\CW\Lection_08_CW_Bootstrap\markup\node_modules\which\which.js:80:29)
gyp verb `which` failed     at E:\_ALevel_FullStackJS\ALevel_FullStackJ\CW\Lection_08_CW_Bootstrap\markup\node_modules\which\which.js:89:16
gyp verb `which` failed     at E:\_ALevel_FullStackJS\ALevel_FullStackJ\CW\Lection_08_CW_Bootstrap\markup\node_modules\isexe\index.js:42:5
gyp verb `which` failed     at E:\_ALevel_FullStackJS\ALevel_FullStackJ\CW\Lection_08_CW_Bootstrap\markup\node_modules\isexe\windows.js:36:5
gyp verb `which` failed     at FSReqCallback.oncomplete (fs.js:171:21)
gyp verb `which` failed  python Error: not found: python
gyp verb `which` failed     at getNotFoundError (E:\_ALevel_FullStackJS\ALevel_FullStackJ\CW\Lection_08_CW_Bootstrap\markup\node_modules\which\which.js:13:12)
gyp verb `which` failed     at F (E:\_ALevel_FullStackJS\ALevel_FullStackJ\CW\Lection_08_CW_Bootstrap\markup\node_modules\which\which.js:68:19)
gyp verb `which` failed     at E (E:\_ALevel_FullStackJS\ALevel_FullStackJ\CW\Lection_08_CW_Bootstrap\markup\node_modules\which\which.js:80:29)
gyp verb `which` failed     at E:\_ALevel_FullStackJS\ALevel_FullStackJ\CW\Lection_08_CW_Bootstrap\markup\node_modules\which\which.js:89:16
gyp verb `which` failed     at E:\_ALevel_FullStackJS\ALevel_FullStackJ\CW\Lection_08_CW_Bootstrap\markup\node_modules\isexe\index.js:42:5
gyp verb `which` failed     at E:\_ALevel_FullStackJS\ALevel_FullStackJ\CW\Lection_08_CW_Bootstrap\markup\node_modules\isexe\windows.js:36:5
gyp verb `which` failed     at FSReqCallback.oncomplete (fs.js:171:21) {
gyp verb `which` failed   code: 'ENOENT'
gyp verb `which` failed }
gyp verb could not find "python". checking python launcher
gyp verb could not find "python". guessing location
gyp verb ensuring that file exists: C:\Python27\python.exe
gyp ERR! configure error
gyp ERR! stack Error: Can't find Python executable "python", you can set the PYTHON env variable.
gyp ERR! stack     at PythonFinder.failNoPython (E:\_ALevel_FullStackJS\ALevel_FullStackJ\CW\Lection_08_CW_Bootstrap\markup\node_modules\node-gyp\lib\configure.js:484:19)
gyp ERR! stack     at PythonFinder.<anonymous> (E:\_ALevel_FullStackJS\ALevel_FullStackJ\CW\Lection_08_CW_Bootstrap\markup\node_modules\node-gyp\lib\configure.js:509:16)
gyp ERR! stack     at callback (E:\_ALevel_FullStackJS\ALevel_FullStackJ\CW\Lection_08_CW_Bootstrap\markup\node_modules\graceful-fs\polyfills.js:295:20)
gyp ERR! stack     at FSReqCallback.oncomplete (fs.js:171:21)
gyp ERR! System Windows_NT 6.1.7601
gyp ERR! command "C:\\Program Files\\nodejs\\node.exe" "E:\\_ALevel_FullStackJS\\ALevel_FullStackJ\\CW\\Lection_08_CW_Bootstrap\\markup\\node_modules\\node-gyp\\bin\\node-gyp.js" "rebuild" "--verbose" "--libsass_ext=" "--libsass_cflags=" "--libsass_ldflags=" "--libsass_library="
gyp ERR! cwd E:\_ALevel_FullStackJS\ALevel_FullStackJ\CW\Lection_08_CW_Bootstrap\markup\node_modules\node-sass
gyp ERR! node -v v13.14.0
gyp ERR! node-gyp -v v3.8.0
gyp ERR! not ok
Build failed with error code: 1
npm WARN P2H_GULP_BUILD_BOOTSTRAP_v4.2.1@1.0.0 No description
npm WARN P2H_GULP_BUILD_BOOTSTRAP_v4.2.1@1.0.0 No repository field.
npm WARN P2H_GULP_BUILD_BOOTSTRAP_v4.2.1@1.0.0 No license field.
npm WARN optional SKIPPING OPTIONAL DEPENDENCY: fsevents@1.2.9 (node_modules\fsevents):
npm WARN notsup SKIPPING OPTIONAL DEPENDENCY: Unsupported platform for fsevents@1.2.9: wanted {"os":"darwin","arch":"any"} (current: {"os":"win32","arch":"x64"})

npm ERR! code ELIFECYCLE
npm ERR! errno 1
npm ERR! node-sass@4.12.0 postinstall: `node scripts/build.js`
npm ERR! Exit status 1
npm ERR!
npm ERR! Failed at the node-sass@4.12.0 postinstall script.
npm ERR! This is probably not a problem with npm. There is likely additional logging output above.

npm ERR! A complete log of this run can be found in:
npm ERR!     C:\Users\Семья\AppData\Roaming\npm-cache\_logs\2021-11-10T19_44_24_968Z-debug.log
PS E:\_ALevel_FullStackJS\ALevel_FullStackJ\CW\Lection_08_CW_Bootstrap\markup> npm i

> node-sass@4.12.0 install E:\_ALevel_FullStackJS\ALevel_FullStackJ\CW\Lection_08_CW_Bootstrap\markup\node_modules\node-sass
> node scripts/install.js

Downloading binary from https://github.com/sass/node-sass/releases/download/v4.12.0/win32-x64-79_binding.node
Cannot download "https://github.com/sass/node-sass/releases/download/v4.12.0/win32-x64-79_binding.node":

HTTP error 404 Not Found

Hint: If github.com is not accessible in your location
      try setting a proxy via HTTP_PROXY, e.g.

      export HTTP_PROXY=http://example.com:1234

or configure npm proxy via

      npm config set proxy http://example.com:8080

> node-sass@4.12.0 postinstall E:\_ALevel_FullStackJS\ALevel_FullStackJ\CW\Lection_08_CW_Bootstrap\markup\node_modules\node-sass
> node scripts/build.js

Building: C:\Program Files\nodejs\node.exe E:\_ALevel_FullStackJS\ALevel_FullStackJ\CW\Lection_08_CW_Bootstrap\markup\node_modules\node-gyp\bin\node-gyp.js rebuild --verbose --libsass_ext= --libsass_cflags= --libsass_ldflags= --libsass_library=
gyp info it worked if it ends with ok
gyp verb cli [
gyp verb cli   'C:\\Program Files\\nodejs\\node.exe',
gyp verb cli   'E:\\_ALevel_FullStackJS\\ALevel_FullStackJ\\CW\\Lection_08_CW_Bootstrap\\markup\\node_modules\\node-gyp\\bin\\node-gyp.js',
gyp verb cli   'rebuild',
gyp verb cli   '--verbose',
gyp verb cli   '--libsass_ext=',
gyp verb cli   '--libsass_cflags=',
gyp verb cli   '--libsass_ldflags=',
gyp verb cli   '--libsass_library='
gyp verb cli ]
gyp info using node-gyp@3.8.0
gyp info using node@13.14.0 | win32 | x64
gyp verb command rebuild []
gyp verb command clean []
gyp verb clean removing "build" directory
gyp verb command configure []
gyp verb check python checking for Python executable "python2" in the PATH
gyp verb `which` failed Error: not found: python2
gyp verb `which` failed     at getNotFoundError (E:\_ALevel_FullStackJS\ALevel_FullStackJ\CW\Lection_08_CW_Bootstrap\markup\node_modules\which\which.js:13:12)
gyp verb `which` failed     at F (E:\_ALevel_FullStackJS\ALevel_FullStackJ\CW\Lection_08_CW_Bootstrap\markup\node_modules\which\which.js:68:19)
gyp verb `which` failed     at E (E:\_ALevel_FullStackJS\ALevel_FullStackJ\CW\Lection_08_CW_Bootstrap\markup\node_modules\which\which.js:80:29)
gyp verb `which` failed     at E:\_ALevel_FullStackJS\ALevel_FullStackJ\CW\Lection_08_CW_Bootstrap\markup\node_modules\which\which.js:89:16
gyp verb `which` failed     at E:\_ALevel_FullStackJS\ALevel_FullStackJ\CW\Lection_08_CW_Bootstrap\markup\node_modules\isexe\index.js:42:5
gyp verb `which` failed     at E:\_ALevel_FullStackJS\ALevel_FullStackJ\CW\Lection_08_CW_Bootstrap\markup\node_modules\isexe\windows.js:36:5
gyp verb `which` failed     at FSReqCallback.oncomplete (fs.js:171:21)
gyp verb `which` failed  python2 Error: not found: python2
gyp verb `which` failed     at getNotFoundError (E:\_ALevel_FullStackJS\ALevel_FullStackJ\CW\Lection_08_CW_Bootstrap\markup\node_modules\which\which.js:13:12)
gyp verb `which` failed     at F (E:\_ALevel_FullStackJS\ALevel_FullStackJ\CW\Lection_08_CW_Bootstrap\markup\node_modules\which\which.js:68:19)
gyp verb `which` failed     at E (E:\_ALevel_FullStackJS\ALevel_FullStackJ\CW\Lection_08_CW_Bootstrap\markup\node_modules\which\which.js:80:29)
gyp verb `which` failed     at E:\_ALevel_FullStackJS\ALevel_FullStackJ\CW\Lection_08_CW_Bootstrap\markup\node_modules\which\which.js:89:16
gyp verb `which` failed     at E:\_ALevel_FullStackJS\ALevel_FullStackJ\CW\Lection_08_CW_Bootstrap\markup\node_modules\isexe\index.js:42:5
gyp verb `which` failed     at E:\_ALevel_FullStackJS\ALevel_FullStackJ\CW\Lection_08_CW_Bootstrap\markup\node_modules\isexe\windows.js:36:5
gyp verb `which` failed     at FSReqCallback.oncomplete (fs.js:171:21) {
gyp verb `which` failed   code: 'ENOENT'
gyp verb `which` failed }
gyp verb check python checking for Python executable "python" in the PATH
gyp verb `which` failed Error: not found: python
gyp verb `which` failed     at getNotFoundError (E:\_ALevel_FullStackJS\ALevel_FullStackJ\CW\Lection_08_CW_Bootstrap\markup\node_modules\which\which.js:13:12)
gyp verb `which` failed     at F (E:\_ALevel_FullStackJS\ALevel_FullStackJ\CW\Lection_08_CW_Bootstrap\markup\node_modules\which\which.js:68:19)
gyp verb `which` failed     at E (E:\_ALevel_FullStackJS\ALevel_FullStackJ\CW\Lection_08_CW_Bootstrap\markup\node_modules\which\which.js:80:29)
gyp verb `which` failed     at E:\_ALevel_FullStackJS\ALevel_FullStackJ\CW\Lection_08_CW_Bootstrap\markup\node_modules\which\which.js:89:16
gyp verb `which` failed     at E:\_ALevel_FullStackJS\ALevel_FullStackJ\CW\Lection_08_CW_Bootstrap\markup\node_modules\isexe\index.js:42:5
gyp verb `which` failed     at E:\_ALevel_FullStackJS\ALevel_FullStackJ\CW\Lection_08_CW_Bootstrap\markup\node_modules\isexe\windows.js:36:5
gyp verb `which` failed     at FSReqCallback.oncomplete (fs.js:171:21)
gyp verb `which` failed  python Error: not found: python
gyp verb `which` failed     at getNotFoundError (E:\_ALevel_FullStackJS\ALevel_FullStackJ\CW\Lection_08_CW_Bootstrap\markup\node_modules\which\which.js:13:12)
gyp verb `which` failed     at F (E:\_ALevel_FullStackJS\ALevel_FullStackJ\CW\Lection_08_CW_Bootstrap\markup\node_modules\which\which.js:68:19)
gyp verb `which` failed     at E (E:\_ALevel_FullStackJS\ALevel_FullStackJ\CW\Lection_08_CW_Bootstrap\markup\node_modules\which\which.js:80:29)
gyp verb `which` failed     at E:\_ALevel_FullStackJS\ALevel_FullStackJ\CW\Lection_08_CW_Bootstrap\markup\node_modules\which\which.js:89:16
gyp verb `which` failed     at E:\_ALevel_FullStackJS\ALevel_FullStackJ\CW\Lection_08_CW_Bootstrap\markup\node_modules\isexe\index.js:42:5
gyp verb `which` failed     at E:\_ALevel_FullStackJS\ALevel_FullStackJ\CW\Lection_08_CW_Bootstrap\markup\node_modules\isexe\windows.js:36:5
gyp verb `which` failed     at FSReqCallback.oncomplete (fs.js:171:21) {
gyp verb `which` failed   code: 'ENOENT'
gyp verb `which` failed }
gyp verb could not find "python". checking python launcher
gyp verb could not find "python". guessing location
gyp verb ensuring that file exists: C:\Python27\python.exe
gyp ERR! configure error
gyp ERR! stack Error: Can't find Python executable "python", you can set the PYTHON env variable.
gyp ERR! stack     at PythonFinder.failNoPython (E:\_ALevel_FullStackJS\ALevel_FullStackJ\CW\Lection_08_CW_Bootstrap\markup\node_modules\node-gyp\lib\configure.js:484:19)
gyp ERR! stack     at PythonFinder.<anonymous> (E:\_ALevel_FullStackJS\ALevel_FullStackJ\CW\Lection_08_CW_Bootstrap\markup\node_modules\node-gyp\lib\configure.js:509:16)
gyp ERR! stack     at callback (E:\_ALevel_FullStackJS\ALevel_FullStackJ\CW\Lection_08_CW_Bootstrap\markup\node_modules\graceful-fs\polyfills.js:295:20)
gyp ERR! stack     at FSReqCallback.oncomplete (fs.js:171:21)
gyp ERR! System Windows_NT 6.1.7601
gyp ERR! command "C:\\Program Files\\nodejs\\node.exe" "E:\\_ALevel_FullStackJS\\ALevel_FullStackJ\\CW\\Lection_08_CW_Bootstrap\\markup\\node_modules\\node-gyp\\bin\\node-gyp.js" "rebuild" "--verbose" "--libsass_ext=" "--libsass_cflags=" "--libsass_ldflags=" "--libsass_library="
gyp ERR! cwd E:\_ALevel_FullStackJS\ALevel_FullStackJ\CW\Lection_08_CW_Bootstrap\markup\node_modules\node-sass
gyp ERR! node -v v13.14.0
gyp ERR! node-gyp -v v3.8.0
gyp ERR! not ok
Build failed with error code: 1
npm WARN P2H_GULP_BUILD_BOOTSTRAP_v4.2.1@1.0.0 No description
npm WARN P2H_GULP_BUILD_BOOTSTRAP_v4.2.1@1.0.0 No repository field.
npm WARN P2H_GULP_BUILD_BOOTSTRAP_v4.2.1@1.0.0 No license field.
npm WARN optional SKIPPING OPTIONAL DEPENDENCY: fsevents@1.2.9 (node_modules\fsevents):
npm WARN notsup SKIPPING OPTIONAL DEPENDENCY: Unsupported platform for fsevents@1.2.9: wanted {"os":"darwin","arch":"any"} (current: {"os":"win32","arch":"x64"})

npm ERR! code ELIFECYCLE
npm ERR! errno 1
npm ERR! node-sass@4.12.0 postinstall: `node scripts/build.js`
npm ERR! Exit status 1
npm ERR!
npm ERR! Failed at the node-sass@4.12.0 postinstall script.
npm ERR! This is probably not a problem with npm. There is likely additional logging output above.

npm ERR! A complete log of this run can be found in:
npm ERR!     C:\Users\Семья\AppData\Roaming\npm-cache\_logs\2021-11-10T19_45_34_028Z-debug.log
PS E:\_ALevel_FullStackJS\ALevel_FullStackJ\CW\Lection_08_CW_Bootstrap\markup> npm install gulpjs/gulp-cli -g
npm WARN deprecated urix@0.1.0: Please see https://github.com/lydell/urix#deprecated
npm WARN deprecated resolve-url@0.2.1: https://github.com/lydell/resolve-url#deprecated
C:\Users\Семья\AppData\Roaming\npm\gulp -> C:\Users\Семья\AppData\Roaming\npm\node_modules\gulp-cli\bin\gulp.js
+ gulp-cli@2.3.0
added 252 packages from 165 contributors in 46.497s
PS E:\_ALevel_FullStackJS\ALevel_FullStackJ\CW\Lection_08_CW_Bootstrap\markup> npm install gulp --save-dev
npm WARN deprecated chokidar@1.7.0: Chokidar 2 will break on node v14+. Upgrade to chokidar 3 with 15x less dependencies.

> node-sass@4.12.0 install E:\_ALevel_FullStackJS\ALevel_FullStackJ\CW\Lection_08_CW_Bootstrap\markup\node_modules\node-sass
> node scripts/install.js

Downloading binary from https://github.com/sass/node-sass/releases/download/v4.12.0/win32-x64-79_binding.node
Cannot download "https://github.com/sass/node-sass/releases/download/v4.12.0/win32-x64-79_binding.node":

HTTP error 404 Not Found

Hint: If github.com is not accessible in your location
      try setting a proxy via HTTP_PROXY, e.g.

      export HTTP_PROXY=http://example.com:1234

or configure npm proxy via

      npm config set proxy http://example.com:8080

> node-sass@4.12.0 postinstall E:\_ALevel_FullStackJS\ALevel_FullStackJ\CW\Lection_08_CW_Bootstrap\markup\node_modules\node-sass
> node scripts/build.js

Building: C:\Program Files\nodejs\node.exe E:\_ALevel_FullStackJS\ALevel_FullStackJ\CW\Lection_08_CW_Bootstrap\markup\node_modules\node-gyp\bin\node-gyp.js rebuild --verbose --libsass_ext= --libsass_cflags= --libsass_ldflags= --libsass_library=
gyp info it worked if it ends with ok
gyp verb cli [
gyp verb cli   'C:\\Program Files\\nodejs\\node.exe',
gyp verb cli   'E:\\_ALevel_FullStackJS\\ALevel_FullStackJ\\CW\\Lection_08_CW_Bootstrap\\markup\\node_modules\\node-gyp\\bin\\node-gyp.js',
gyp verb cli   'rebuild',
gyp verb cli   '--verbose',
gyp verb cli   '--libsass_ext=',
gyp verb cli   '--libsass_cflags=',
gyp verb cli   '--libsass_ldflags=',
gyp verb cli   '--libsass_library='
gyp verb cli ]
gyp info using node-gyp@3.8.0
gyp info using node@13.14.0 | win32 | x64
gyp verb command rebuild []
gyp verb command clean []
gyp verb clean removing "build" directory
gyp verb command configure []
gyp verb check python checking for Python executable "python2" in the PATH
gyp verb `which` failed Error: not found: python2
gyp verb `which` failed     at getNotFoundError (E:\_ALevel_FullStackJS\ALevel_FullStackJ\CW\Lection_08_CW_Bootstrap\markup\node_modules\which\which.js:13:12)
gyp verb `which` failed     at F (E:\_ALevel_FullStackJS\ALevel_FullStackJ\CW\Lection_08_CW_Bootstrap\markup\node_modules\which\which.js:68:19)
gyp verb `which` failed     at E (E:\_ALevel_FullStackJS\ALevel_FullStackJ\CW\Lection_08_CW_Bootstrap\markup\node_modules\which\which.js:80:29)
gyp verb `which` failed     at E:\_ALevel_FullStackJS\ALevel_FullStackJ\CW\Lection_08_CW_Bootstrap\markup\node_modules\which\which.js:89:16
gyp verb `which` failed     at E:\_ALevel_FullStackJS\ALevel_FullStackJ\CW\Lection_08_CW_Bootstrap\markup\node_modules\isexe\index.js:42:5
gyp verb `which` failed     at E:\_ALevel_FullStackJS\ALevel_FullStackJ\CW\Lection_08_CW_Bootstrap\markup\node_modules\isexe\windows.js:36:5
gyp verb `which` failed     at FSReqCallback.oncomplete (fs.js:171:21)
gyp verb `which` failed  python2 Error: not found: python2
gyp verb `which` failed     at getNotFoundError (E:\_ALevel_FullStackJS\ALevel_FullStackJ\CW\Lection_08_CW_Bootstrap\markup\node_modules\which\which.js:13:12)
gyp verb `which` failed     at F (E:\_ALevel_FullStackJS\ALevel_FullStackJ\CW\Lection_08_CW_Bootstrap\markup\node_modules\which\which.js:68:19)
gyp verb `which` failed     at E (E:\_ALevel_FullStackJS\ALevel_FullStackJ\CW\Lection_08_CW_Bootstrap\markup\node_modules\which\which.js:80:29)
gyp verb `which` failed     at E:\_ALevel_FullStackJS\ALevel_FullStackJ\CW\Lection_08_CW_Bootstrap\markup\node_modules\which\which.js:89:16
gyp verb `which` failed     at E:\_ALevel_FullStackJS\ALevel_FullStackJ\CW\Lection_08_CW_Bootstrap\markup\node_modules\isexe\index.js:42:5
gyp verb `which` failed     at E:\_ALevel_FullStackJS\ALevel_FullStackJ\CW\Lection_08_CW_Bootstrap\markup\node_modules\isexe\windows.js:36:5
gyp verb `which` failed     at FSReqCallback.oncomplete (fs.js:171:21) {
gyp verb `which` failed   code: 'ENOENT'
gyp verb `which` failed }
gyp verb check python checking for Python executable "python" in the PATH
gyp verb `which` failed Error: not found: python
gyp verb `which` failed     at getNotFoundError (E:\_ALevel_FullStackJS\ALevel_FullStackJ\CW\Lection_08_CW_Bootstrap\markup\node_modules\which\which.js:13:12)
gyp verb `which` failed     at F (E:\_ALevel_FullStackJS\ALevel_FullStackJ\CW\Lection_08_CW_Bootstrap\markup\node_modules\which\which.js:68:19)
gyp verb `which` failed     at E (E:\_ALevel_FullStackJS\ALevel_FullStackJ\CW\Lection_08_CW_Bootstrap\markup\node_modules\which\which.js:80:29)
gyp verb `which` failed     at E:\_ALevel_FullStackJS\ALevel_FullStackJ\CW\Lection_08_CW_Bootstrap\markup\node_modules\which\which.js:89:16
gyp verb `which` failed     at E:\_ALevel_FullStackJS\ALevel_FullStackJ\CW\Lection_08_CW_Bootstrap\markup\node_modules\isexe\index.js:42:5
gyp verb `which` failed     at E:\_ALevel_FullStackJS\ALevel_FullStackJ\CW\Lection_08_CW_Bootstrap\markup\node_modules\isexe\windows.js:36:5
gyp verb `which` failed     at FSReqCallback.oncomplete (fs.js:171:21)
gyp verb `which` failed  python Error: not found: python
gyp verb `which` failed     at getNotFoundError (E:\_ALevel_FullStackJS\ALevel_FullStackJ\CW\Lection_08_CW_Bootstrap\markup\node_modules\which\which.js:13:12)
gyp verb `which` failed     at F (E:\_ALevel_FullStackJS\ALevel_FullStackJ\CW\Lection_08_CW_Bootstrap\markup\node_modules\which\which.js:68:19)
gyp verb `which` failed     at E (E:\_ALevel_FullStackJS\ALevel_FullStackJ\CW\Lection_08_CW_Bootstrap\markup\node_modules\which\which.js:80:29)
gyp verb `which` failed     at E:\_ALevel_FullStackJS\ALevel_FullStackJ\CW\Lection_08_CW_Bootstrap\markup\node_modules\which\which.js:89:16
gyp verb `which` failed     at E:\_ALevel_FullStackJS\ALevel_FullStackJ\CW\Lection_08_CW_Bootstrap\markup\node_modules\isexe\index.js:42:5
gyp verb `which` failed     at E:\_ALevel_FullStackJS\ALevel_FullStackJ\CW\Lection_08_CW_Bootstrap\markup\node_modules\isexe\windows.js:36:5
gyp verb `which` failed     at FSReqCallback.oncomplete (fs.js:171:21) {
gyp verb `which` failed   code: 'ENOENT'
gyp verb `which` failed }
gyp verb could not find "python". checking python launcher
gyp verb could not find "python". guessing location
gyp verb ensuring that file exists: C:\Python27\python.exe
gyp ERR! configure error
gyp ERR! stack Error: Can't find Python executable "python", you can set the PYTHON env variable.
gyp ERR! stack     at PythonFinder.failNoPython (E:\_ALevel_FullStackJS\ALevel_FullStackJ\CW\Lection_08_CW_Bootstrap\markup\node_modules\node-gyp\lib\configure.js:484:19)
gyp ERR! stack     at PythonFinder.<anonymous> (E:\_ALevel_FullStackJS\ALevel_FullStackJ\CW\Lection_08_CW_Bootstrap\markup\node_modules\node-gyp\lib\configure.js:509:16)
gyp ERR! stack     at callback (E:\_ALevel_FullStackJS\ALevel_FullStackJ\CW\Lection_08_CW_Bootstrap\markup\node_modules\graceful-fs\polyfills.js:295:20)
gyp ERR! stack     at FSReqCallback.oncomplete (fs.js:171:21)
gyp ERR! System Windows_NT 6.1.7601
gyp ERR! command "C:\\Program Files\\nodejs\\node.exe" "E:\\_ALevel_FullStackJS\\ALevel_FullStackJ\\CW\\Lection_08_CW_Bootstrap\\markup\\node_modules\\node-gyp\\bin\\node-gyp.js" "rebuild" "--verbose" "--libsass_ext=" "--libsass_cflags=" "--libsass_ldflags=" "--libsass_library="
gyp ERR! cwd E:\_ALevel_FullStackJS\ALevel_FullStackJ\CW\Lection_08_CW_Bootstrap\markup\node_modules\node-sass
gyp ERR! node -v v13.14.0
gyp ERR! node-gyp -v v3.8.0
gyp ERR! not ok
Build failed with error code: 1
npm WARN P2H_GULP_BUILD_BOOTSTRAP_v4.2.1@1.0.0 No description
npm WARN P2H_GULP_BUILD_BOOTSTRAP_v4.2.1@1.0.0 No repository field.
npm WARN P2H_GULP_BUILD_BOOTSTRAP_v4.2.1@1.0.0 No license field.
npm WARN optional SKIPPING OPTIONAL DEPENDENCY: fsevents@1.2.9 (node_modules\fsevents):
npm WARN notsup SKIPPING OPTIONAL DEPENDENCY: Unsupported platform for fsevents@1.2.9: wanted {"os":"darwin","arch":"any"} (current: {"os":"win32","arch":"x64"})

npm ERR! code ELIFECYCLE
npm ERR! errno 1
npm ERR! node-sass@4.12.0 postinstall: `node scripts/build.js`
npm ERR! Exit status 1
npm ERR!
npm ERR! Failed at the node-sass@4.12.0 postinstall script.
npm ERR! This is probably not a problem with npm. There is likely additional logging output above.

npm ERR! A complete log of this run can be found in:
npm ERR!     C:\Users\Семья\AppData\Roaming\npm-cache\_logs\2021-11-10T19_51_56_880Z-debug.log
PS E:\_ALevel_FullStackJS\ALevel_FullStackJ\CW\Lection_08_CW_Bootstrap\markup>
